=== 263673744705629 (jdsports) ===
series account 263673744705629 → jdsports 2026-04-20 → 2026-07-19, 1-day 
buckets, 15-day chunks
  2026-04-20→2026-05-04: 1082 rows
  2026-05-05→2026-05-19: 1308 rows
  2026-05-20→2026-06-03: 1430 rows
  2026-06-04→2026-06-18: 1421 rows
  2026-06-19→2026-07-03: 909 rows
  2026-07-04→2026-07-18: 734 rows
  2026-07-19→2026-07-19: 82 rows
✓ 6966 rows → ad_daily
=== 399719270800712 (jdsports) ===
series account 399719270800712 → jdsports 2026-04-20 → 2026-07-19, 1-day 
buckets, 15-day chunks
  2026-04-20→2026-05-04: 1250 rows
  2026-05-05→2026-05-19: 1294 rows
  2026-05-20→2026-06-03: 1090 rows
  2026-06-04→2026-06-18: 946 rows
  2026-06-19→2026-07-03: 1035 rows
  2026-07-04→2026-07-18: 912 rows
  2026-07-19→2026-07-19: 39 rows
✓ 6566 rows → ad_daily
=== 27213418 (finishline) ===
series account 27213418 → finishline 2026-04-20 → 2026-07-19, 1-day buckets, 
15-day chunks
  2026-04-20→2026-05-04: 445 rows
  2026-05-05→2026-05-19: 380 rows
  2026-05-20→2026-06-03: 448 rows
  2026-06-04→2026-06-18: 340 rows
  2026-06-19→2026-07-03: 332 rows
  2026-07-04→2026-07-18: 478 rows
  2026-07-19→2026-07-19: 34 rows
✓ 2457 rows → ad_daily
=== 627413344530702 (finishline) ===
series account 627413344530702 → finishline 2026-04-20 → 2026-07-19, 1-day 
buckets, 15-day chunks
  2026-04-20→2026-05-04: 4 rows
  2026-05-05→2026-05-19: 60 rows
  2026-05-20→2026-06-03: 108 rows
  2026-06-04→2026-06-18: 16 rows
  2026-06-19→2026-07-03: 0 rows
  2026-07-04→2026-07-18: 0 rows
  2026-07-19→2026-07-19: 0 rows
✓ 188 rows → ad_daily
ALL DONE
