=== TREX REMAINING 2026-06-11T19:11:54Z ===
--- trex ---
│ trex       │ website|htt… │ ✓  │ no      │ 0.00 │ 0       │ 0      │         │
│ trex       │ meta_ads|pa… │ ✓  │ no      │ 0.00 │ 0       │ 0      │         │
└────────────┴──────────────┴────┴─────────┴──────┴─────────┴────────┴─────────┘
--- deckorators ---
│            │           │    │         │      │         │        │ html_pa    │
│ deckorato… │ meta_ads… │ ✓  │ no      │ 0.00 │ 0       │ 0      │            │
└────────────┴───────────┴────┴─────────┴──────┴─────────┴────────┴────────────┘
=== BOBS RE-RUN 2026-06-11T19:13:50Z ===
--- bobs ---
│ bobs       │ website|htt… │ ✓  │ no      │ 0.00 │ 0       │ 0      │         │
│ bobs       │ meta_ads|pa… │ ✓  │ no      │ 0.00 │ 0       │ 0      │         │
└────────────┴──────────────┴────┴─────────┴──────┴─────────┴────────┴─────────┘
--- ashley ---
│ ashley     │ website|htt… │ ✓  │ no      │ 0.00 │ 0       │ 0      │         │
│ ashley     │ meta_ads|pa… │ ✓  │ no      │ 0.00 │ 0       │ 0      │         │
└────────────┴──────────────┴────┴─────────┴──────┴─────────┴────────┴─────────┘
--- raymour_flanigan ---
│            │            │    │         │      │         │        │ active_a… │
│            │            │    │         │      │         │        │ ad_count  │
└────────────┴────────────┴────┴─────────┴──────┴─────────┴────────┴───────────┘
--- value_city ---
│ value_city │ website|htt… │ ✓  │ no      │ 0.00 │ 0       │ 0      │         │
│ value_city │ meta_ads|pa… │ ✓  │ no      │ 0.00 │ 0       │ 0      │         │
└────────────┴──────────────┴────┴─────────┴──────┴─────────┴────────┴─────────┘
--- american_freight ---
│ american_f… │ website|ht… │ ✓  │ no      │ 0.00 │ 0       │ 0      │         │
│ american_f… │ meta_ads|p… │ ✓  │ no      │ 0.00 │ 0       │ 0      │         │
└─────────────┴─────────────┴────┴─────────┴──────┴─────────┴────────┴─────────┘
--- wayfair ---
│ wayfair    │ website|htt… │ ✓  │ no      │ 0.00 │ 0       │ 0      │         │
│ wayfair    │ meta_ads|pa… │ ✓  │ no      │ 0.00 │ 0       │ 0      │         │
└────────────┴──────────────┴────┴─────────┴──────┴─────────┴────────┴─────────┘
=== POST-FIX COVERAGE 2026-06-11T19:18:13Z ===
--- data/intel.db ---
rooms_to_go|679|0
wayfair|324|249
bobs|215|180
raymour_flanigan|61|59
ashley|13|13
american_freight|7|7
--- data/trex.db ---
trex|209|205
timbertech|119|112
deckorators|42|42
